// Jest Snapshot v1, https://goo.gl/fbAQLP

exports[`officeStructure component should render with no errors 1`] = `
<OnboardingLayout
  layoutLeft={
    <UNDEFINED>
      <SetOfficeStructure
        activeBlock="X-Space"
        blocks={
          Array [
            Object {
              "name": "X-Space",
              "structureId": "7ddaeca4-d0b8-4675-9fa2-15ad68449cad",
            },
          ]
        }
        handleLeveltype={[Function]}
        inputValue="1"
        levelType=""
        onChangeValue={[Function]}
        onInputChange={[Function]}
        toggleBlock={[Function]}
      />
      <NextButton
        flattenedData={
          Array [
            Object {
              "level": 2,
              "locationId": 10,
              "name": "",
              "parentId": "",
              "parentTitle": "",
              "position": 1,
              "structureId": "a0c85de7-a5cc-4667-afba-ddd5fec58d14",
              "tag": "",
            },
          ]
        }
        handleOnClick={undefined}
      />
    </UNDEFINED>
  }
  layoutRight={
    <UNDEFINED>
      <p
        className="set-structure-title"
      >
        Here's a preview of your setup
      </p>
      <OfficeStructurePreview />
    </UNDEFINED>
  }
/>
`;
