// Jest Snapshot v1, https://goo.gl/fbAQLP

exports[`AnalyticsActivity component should render daily room events 1`] = `
<AnalyticsActivity
  dateValue={
    Object {
      "endDate": null,
      "startDate": null,
    }
  }
  queryCompleted={
    [MockFunction] {
      "calls": Array [
        Array [
          "analyticsForDailyRoomEvents",
        ],
        Array [
          "analyticsForDailyRoomEvents",
        ],
        Array [
          "analyticsForDailyRoomEvents",
        ],
        Array [
          "analyticsForDailyRoomEvents",
        ],
        Array [
          "analyticsForDailyRoomEvents",
        ],
        Array [
          "analyticsForDailyRoomEvents",
        ],
      ],
    }
  }
>
  <center
    className="room__events"
  >
    <div
      className="meeting-title"
    >
      <div
        className="title-heading"
      >
        Meeting Title
      </div>
      <div
        className="room-heading"
      >
        Booked Room
      </div>
      <div
        className="status-heading"
      >
        Status
      </div>
      <div
        className="participant-heading"
      >
        Participants
      </div>
    </div>
    <Overlay
      id="average-meeting"
    >
      <div>
        <div
          className="overlay"
          id="average-meeting"
        />
        <div
          className="Pagination-spinner"
        >
          <Spinner
            size=""
          >
            <div
              className="centered"
            >
              <div
                className="spinner"
              />
            </div>
          </Spinner>
        </div>
      </div>
    </Overlay>
    <div>
      <div
        className="activity"
        key="e684f815-1926-4e9e-9467-8ad233436d35"
      >
        <div
          className="activity-day"
        >
          Thu May 30, 2019
        </div>
        <div
          className="activity-info-row"
          key="0ad02b3e-4df4-41ef-b7b1-55d8af4430e8"
        >
          <div
            className="title"
          >
            <div>
              Measure Standup
            </div>
          </div>
          <div
            className="room"
          >
            Ikogosi
          </div>
          <div
            className="status"
          >
            <div
              className="started"
            >
              Started 
              <bdi>
                05:15:00
                 
                EAT
              </bdi>
            </div>
            <div
              className="ended"
            >
              Ended 
              <bdi>
                05:45:00
                 
                EAT
              </bdi>
            </div>
          </div>
          <div
            className="participants"
          >
            <img
              alt=""
              src="https://firebasestorage.googleapis.com/v0/b/learning-map-app.appspot.com/o/MrmFrontImages%2FGroup.svg?alt=media&token=7f06b0bb-46bb-456a-ac35-9eeab8a16362"
            />
            <span>
              10
            </span>
          </div>
        </div>
      </div>
      <div
        className="activity"
        key="37862b9c-a5ca-418a-bbab-9c4c28394424"
      >
        <div
          className="activity-day"
        >
          Thu May 30, 2019
        </div>
        <div
          className="activity-info-row"
          key="68751db8-420e-4d84-aebf-11a785d823dc"
        >
          <div
            className="title"
          >
            <div>
              Olamide x David
            </div>
          </div>
          <div
            className="room"
          >
            Safari5
          </div>
          <div
            className="status"
          >
            <div
              className="started"
            >
              Started 
              <bdi>
                01:00:00
                 
                EAT
              </bdi>
            </div>
            <div
              className="ended"
            >
              Ended 
              <bdi>
                02:00:00
                 
                EAT
              </bdi>
            </div>
          </div>
          <div
            className="participants"
          >
            <img
              alt=""
              src="https://firebasestorage.googleapis.com/v0/b/learning-map-app.appspot.com/o/MrmFrontImages%2FGroup.svg?alt=media&token=7f06b0bb-46bb-456a-ac35-9eeab8a16362"
            />
            <span>
              5
            </span>
          </div>
        </div>
      </div>
      <div
        className="activity"
        key="e75662a8-0e3f-489f-b168-3366bc567a62"
      >
        <div
          className="activity-day"
        >
          Thu May 30, 2019
        </div>
        <div
          className="activity-info-row"
          key="4392731f-965f-411d-86a3-8e04cf532e63"
        >
          <div
            className="title"
          >
            <div>
              Interview: Oluwagbemileke Oguntayo  - Senior Operations Manager, Nigeria
            </div>
          </div>
          <div
            className="room"
          >
            Kajuru
          </div>
          <div
            className="status"
          >
            <div
              className="started"
            >
              Started 
              <bdi>
                01:00:00
                 
                EAT
              </bdi>
            </div>
            <div
              className="ended"
            >
              Ended 
              <bdi>
                02:00:00
                 
                EAT
              </bdi>
            </div>
          </div>
          <div
            className="participants"
          >
            <img
              alt=""
              src="https://firebasestorage.googleapis.com/v0/b/learning-map-app.appspot.com/o/MrmFrontImages%2FGroup.svg?alt=media&token=7f06b0bb-46bb-456a-ac35-9eeab8a16362"
            />
            <span>
              4
            </span>
          </div>
        </div>
      </div>
      <div
        className="activity"
        key="e198c5ac-534c-4f7b-a5b8-df5fe75f84d3"
      >
        <div
          className="activity-day"
        >
          Thu May 30, 2019
        </div>
        <div
          className="activity-info-row"
          key="4b893b3a-76de-48e0-9dd7-f2737efe3c87"
        >
          <div
            className="title"
          >
            <div>
              Agnes / Annabelle Catch Up
            </div>
          </div>
          <div
            className="room"
          >
            Safari-me
          </div>
          <div
            className="status"
          >
            <div
              className="started"
            >
              Started 
              <bdi>
                04:30:00
                 
                EAT
              </bdi>
            </div>
            <div
              className="ended"
            >
              Ended 
              <bdi>
                05:00:00
                 
                EAT
              </bdi>
            </div>
          </div>
          <div
            className="participants"
          >
            <img
              alt=""
              src="https://firebasestorage.googleapis.com/v0/b/learning-map-app.appspot.com/o/MrmFrontImages%2FGroup.svg?alt=media&token=7f06b0bb-46bb-456a-ac35-9eeab8a16362"
            />
            <span>
              3
            </span>
          </div>
        </div>
      </div>
      <div
        className="activity"
        key="7077f154-f9b3-4815-843a-3d267ae35e60"
      >
        <div
          className="activity-day"
        >
          Thu May 30, 2019
        </div>
        <div
          className="activity-info-row"
          key="aa003172-c81a-4551-b19f-ff236dfa991b"
        >
          <div
            className="title"
          >
            <div>
              Apprenticeship Sync
            </div>
          </div>
          <div
            className="room"
          >
            Cotonous
          </div>
          <div
            className="status"
          >
            <div
              className="started"
            >
              Started 
              <bdi>
                03:30:00
                 
                EAT
              </bdi>
            </div>
            <div
              className="ended"
            >
              Ended 
              <bdi>
                04:30:00
                 
                EAT
              </bdi>
            </div>
          </div>
          <div
            className="participants"
          >
            <img
              alt=""
              src="https://firebasestorage.googleapis.com/v0/b/learning-map-app.appspot.com/o/MrmFrontImages%2FGroup.svg?alt=media&token=7f06b0bb-46bb-456a-ac35-9eeab8a16362"
            />
            <span>
              59
            </span>
          </div>
        </div>
      </div>
      <div
        className="activity"
        key="6329d50e-2f73-4159-915d-b5e75580a592"
      >
        <div
          className="activity-day"
        >
          Thu May 30, 2019
        </div>
        <div
          className="activity-info-row"
          key="fefde99d-fbef-42a6-b400-a1662c8d17b1"
        >
          <div
            className="title"
          >
            <div>
              Interview: Oluwatoyin Williams-Edem - Senior Manager, HR Business Partner
            </div>
          </div>
          <div
            className="room"
          >
            Safari-me
          </div>
          <div
            className="status"
          >
            <div
              className="started"
            >
              Started 
              <bdi>
                12:00:00
                 
                EAT
              </bdi>
            </div>
            <div
              className="ended"
            >
              Ended 
              <bdi>
                01:00:00
                 
                EAT
              </bdi>
            </div>
          </div>
          <div
            className="participants"
          >
            <img
              alt=""
              src="https://firebasestorage.googleapis.com/v0/b/learning-map-app.appspot.com/o/MrmFrontImages%2FGroup.svg?alt=media&token=7f06b0bb-46bb-456a-ac35-9eeab8a16362"
            />
            <span>
              3
            </span>
          </div>
        </div>
      </div>
      <div
        className="activity"
        key="9cb4432a-cc0e-4fe0-912d-28cd433acdc9"
      >
        <div
          className="activity-day"
        >
          Thu May 30, 2019
        </div>
        <div
          className="activity-info-row"
          key="cec0a953-4d3e-4257-bcdb-382ffd5b150b"
        >
          <div
            className="title"
          >
            <div>
              Apprenticeship Sync
            </div>
          </div>
          <div
            className="room"
          >
            Cotonous
          </div>
          <div
            className="status"
          >
            <div
              className="started"
            >
              Started 
              <bdi>
                03:30:00
                 
                EAT
              </bdi>
            </div>
            <div
              className="ended"
            >
              Ended 
              <bdi>
                04:30:00
                 
                EAT
              </bdi>
            </div>
          </div>
          <div
            className="participants"
          >
            <img
              alt=""
              src="https://firebasestorage.googleapis.com/v0/b/learning-map-app.appspot.com/o/MrmFrontImages%2FGroup.svg?alt=media&token=7f06b0bb-46bb-456a-ac35-9eeab8a16362"
            />
            <span>
              59
            </span>
          </div>
        </div>
      </div>
      <div
        className="activity"
        key="3f03e56e-2e2a-4d60-83b9-c14ca418dd6a"
      >
        <div
          className="activity-day"
        >
          Thu May 30, 2019
        </div>
        <div
          className="activity-info-row"
          key="0faa8290-98d7-460f-b042-d915a09fefc6"
        >
          <div
            className="title"
          >
            <div>
              Team meetings
            </div>
          </div>
          <div
            className="room"
          >
            Safari-me
          </div>
          <div
            className="status"
          >
            <div
              className="started"
            >
              Started 
              <bdi>
                02:00:00
                 
                EAT
              </bdi>
            </div>
            <div
              className="ended"
            >
              Ended 
              <bdi>
                03:30:00
                 
                EAT
              </bdi>
            </div>
          </div>
          <div
            className="participants"
          >
            <img
              alt=""
              src="https://firebasestorage.googleapis.com/v0/b/learning-map-app.appspot.com/o/MrmFrontImages%2FGroup.svg?alt=media&token=7f06b0bb-46bb-456a-ac35-9eeab8a16362"
            />
            <span>
              2
            </span>
          </div>
        </div>
      </div>
      <div
        className="activity"
        key="f20f31fd-1742-4ca5-a0d1-547dd4836d52"
      >
        <div
          className="activity-day"
        >
          Thu May 30, 2019
        </div>
        <div
          className="activity-info-row"
          key="51bab81f-2e8b-4419-9d1b-73094b750e6d"
        >
          <div
            className="title"
          >
            <div>
              Extended org sync
            </div>
          </div>
          <div
            className="room"
          >
            Cognito
          </div>
          <div
            className="status"
          >
            <div
              className="started"
            >
              Started 
              <bdi>
                02:00:00
                 
                EAT
              </bdi>
            </div>
            <div
              className="ended"
            >
              Ended 
              <bdi>
                02:40:00
                 
                EAT
              </bdi>
            </div>
          </div>
          <div
            className="participants"
          >
            <img
              alt=""
              src="https://firebasestorage.googleapis.com/v0/b/learning-map-app.appspot.com/o/MrmFrontImages%2FGroup.svg?alt=media&token=7f06b0bb-46bb-456a-ac35-9eeab8a16362"
            />
            <span>
              12
            </span>
          </div>
        </div>
      </div>
      <div
        className="activity"
        key="9de9f10e-529f-42f8-b45c-a56c91e2032f"
      >
        <div
          className="activity-day"
        >
          Thu May 30, 2019
        </div>
        <div
          className="activity-info-row"
          key="9a41dc15-efb2-4a72-8466-98b6c88f743d"
        >
          <div
            className="title"
          >
            <div>
              Ann &lt;&gt; Sam
            </div>
          </div>
          <div
            className="room"
          >
            Oculus
          </div>
          <div
            className="status"
          >
            <div
              className="started"
            >
              Started 
              <bdi>
                01:00:00
                 
                EAT
              </bdi>
            </div>
            <div
              className="ended"
            >
              Ended 
              <bdi>
                02:00:00
                 
                EAT
              </bdi>
            </div>
          </div>
          <div
            className="participants"
          >
            <img
              alt=""
              src="https://firebasestorage.googleapis.com/v0/b/learning-map-app.appspot.com/o/MrmFrontImages%2FGroup.svg?alt=media&token=7f06b0bb-46bb-456a-ac35-9eeab8a16362"
            />
            <span>
              5
            </span>
          </div>
        </div>
      </div>
      <div
        className="activity"
        key="f4858fa3-d072-45b8-8817-fb22e363da41"
      >
        <div
          className="activity-day"
        >
          Thu May 30, 2019
        </div>
        <div
          className="activity-info-row"
          key="d30550d2-37f3-4d58-b95f-c3a18a7533cd"
        >
          <div
            className="title"
          >
            <div>
              Interview: Ayodele Odufuye - Senior Manager, HR Business Partner
            </div>
          </div>
          <div
            className="room"
          >
            Safari-me
          </div>
          <div
            className="status"
          >
            <div
              className="started"
            >
              Started 
              <bdi>
                01:00:00
                 
                EAT
              </bdi>
            </div>
            <div
              className="ended"
            >
              Ended 
              <bdi>
                02:00:00
                 
                EAT
              </bdi>
            </div>
          </div>
          <div
            className="participants"
          >
            <img
              alt=""
              src="https://firebasestorage.googleapis.com/v0/b/learning-map-app.appspot.com/o/MrmFrontImages%2FGroup.svg?alt=media&token=7f06b0bb-46bb-456a-ac35-9eeab8a16362"
            />
            <span>
              3
            </span>
          </div>
        </div>
      </div>
      <div
        className="activity"
        key="06c39675-d072-4df2-80cd-99069797a5ea"
      >
        <div
          className="activity-day"
        >
          Thu May 30, 2019
        </div>
        <div
          className="activity-info-row"
          key="8180d997-9d68-4f4c-8231-96c8ad320adb"
        >
          <div
            className="title"
          >
            <div>
              Member Education
            </div>
          </div>
          <div
            className="room"
          >
            Oculus
          </div>
          <div
            className="status"
          >
            <div
              className="started"
            >
              Started 
              <bdi>
                03:00:00
                 
                EAT
              </bdi>
            </div>
            <div
              className="ended"
            >
              Ended 
              <bdi>
                04:30:00
                 
                EAT
              </bdi>
            </div>
          </div>
          <div
            className="participants"
          >
            <img
              alt=""
              src="https://firebasestorage.googleapis.com/v0/b/learning-map-app.appspot.com/o/MrmFrontImages%2FGroup.svg?alt=media&token=7f06b0bb-46bb-456a-ac35-9eeab8a16362"
            />
            <span>
              2
            </span>
          </div>
        </div>
      </div>
      <div
        className="activity"
        key="b2c1f31c-4367-4b09-81d7-d528c934f706"
      >
        <div
          className="activity-day"
        >
          Thu May 30, 2019
        </div>
        <div
          className="activity-info-row"
          key="8c06ebb1-d18d-4800-9c70-2e9d9c97de80"
        >
          <div
            className="title"
          >
            <div>
              Engineer Self Check-in 
            </div>
          </div>
          <div
            className="room"
          >
            test-5
          </div>
          <div
            className="status"
          >
            <div
              className="started"
            >
              Started 
              <bdi>
                01:30:00
                 
                EAT
              </bdi>
            </div>
            <div
              className="ended"
            >
              Ended 
              <bdi>
                02:00:00
                 
                EAT
              </bdi>
            </div>
          </div>
          <div
            className="participants"
          >
            <img
              alt=""
              src="https://firebasestorage.googleapis.com/v0/b/learning-map-app.appspot.com/o/MrmFrontImages%2FGroup.svg?alt=media&token=7f06b0bb-46bb-456a-ac35-9eeab8a16362"
            />
            <span>
              6
            </span>
          </div>
        </div>
      </div>
      <div
        className="activity"
        key="bbfa8128-e184-4852-850f-8e9c3ce15f17"
      >
        <div
          className="activity-day"
        >
          Thu May 30, 2019
        </div>
        <div
          className="activity-info-row"
          key="59524a7c-b311-4e76-b3b4-a6f48f0fe366"
        >
          <div
            className="title"
          >
            <div>
              Oladimeji + Tejumade _ Software Engineer (Values Alignment Call)
            </div>
          </div>
          <div
            className="room"
          >
            Ikogosi
          </div>
          <div
            className="status"
          >
            <div
              className="started"
            >
              Started 
              <bdi>
                04:30:00
                 
                EAT
              </bdi>
            </div>
            <div
              className="ended"
            >
              Ended 
              <bdi>
                05:30:00
                 
                EAT
              </bdi>
            </div>
          </div>
          <div
            className="participants"
          >
            <img
              alt=""
              src="https://firebasestorage.googleapis.com/v0/b/learning-map-app.appspot.com/o/MrmFrontImages%2FGroup.svg?alt=media&token=7f06b0bb-46bb-456a-ac35-9eeab8a16362"
            />
            <span>
              3
            </span>
          </div>
        </div>
      </div>
      <div
        className="activity"
        key="63e295bc-7103-41c8-85bb-d93aecf17c13"
      >
        <div
          className="activity-day"
        >
          Thu May 30, 2019
        </div>
        <div
          className="activity-info-row"
          key="ff2d091f-2946-4a21-8304-c58ffa320904"
        >
          <div
            className="title"
          >
            <div>
              Chux &lt;&gt; Godwin - Values Alignment Interview
            </div>
          </div>
          <div
            className="room"
          >
            Ikogosi
          </div>
          <div
            className="status"
          >
            <div
              className="started"
            >
              Started 
              <bdi>
                01:30:00
                 
                EAT
              </bdi>
            </div>
            <div
              className="ended"
            >
              Ended 
              <bdi>
                02:30:00
                 
                EAT
              </bdi>
            </div>
          </div>
          <div
            className="participants"
          >
            <img
              alt=""
              src="https://firebasestorage.googleapis.com/v0/b/learning-map-app.appspot.com/o/MrmFrontImages%2FGroup.svg?alt=media&token=7f06b0bb-46bb-456a-ac35-9eeab8a16362"
            />
            <span>
              3
            </span>
          </div>
        </div>
      </div>
      <div
        className="activity"
        key="51c9fa1e-2eea-4071-8cda-bbc60b216adc"
      >
        <div
          className="activity-day"
        >
          Thu May 30, 2019
        </div>
        <div
          className="activity-info-row"
          key="6ca75e5d-6f77-4730-8058-b18117f8e908"
        >
          <div
            className="title"
          >
            <div>
              Brad &lt;&gt; Tope 1:1
            </div>
          </div>
          <div
            className="room"
          >
            Ikogosi
          </div>
          <div
            className="status"
          >
            <div
              className="started"
            >
              Started 
              <bdi>
                04:00:00
                 
                EAT
              </bdi>
            </div>
            <div
              className="ended"
            >
              Ended 
              <bdi>
                04:30:00
                 
                EAT
              </bdi>
            </div>
          </div>
          <div
            className="participants"
          >
            <img
              alt=""
              src="https://firebasestorage.googleapis.com/v0/b/learning-map-app.appspot.com/o/MrmFrontImages%2FGroup.svg?alt=media&token=7f06b0bb-46bb-456a-ac35-9eeab8a16362"
            />
            <span>
              3
            </span>
          </div>
        </div>
      </div>
      <div
        className="activity"
        key="45bf972f-ce8b-4d47-b58e-b7a3708f40f9"
      >
        <div
          className="activity-day"
        >
          Thu May 30, 2019
        </div>
        <div
          className="activity-info-row"
          key="d1a778df-bb8a-4e57-a59c-fc61f7229c90"
        >
          <div
            className="title"
          >
            <div>
              Lara&lt;&gt;Nneka
            </div>
          </div>
          <div
            className="room"
          >
            Ikogosi
          </div>
          <div
            className="status"
          >
            <div
              className="started"
            >
              Started 
              <bdi>
                06:00:00
                 
                EAT
              </bdi>
            </div>
            <div
              className="ended"
            >
              Ended 
              <bdi>
                06:30:00
                 
                EAT
              </bdi>
            </div>
          </div>
          <div
            className="participants"
          >
            <img
              alt=""
              src="https://firebasestorage.googleapis.com/v0/b/learning-map-app.appspot.com/o/MrmFrontImages%2FGroup.svg?alt=media&token=7f06b0bb-46bb-456a-ac35-9eeab8a16362"
            />
            <span>
              4
            </span>
          </div>
        </div>
      </div>
      <div
        className="activity"
        key="9df15e84-44b2-461f-bb6a-a7807193ab1e"
      >
        <div
          className="activity-day"
        >
          Thu May 30, 2019
        </div>
        <div
          className="activity-info-row"
          key="e2481e77-de6c-4667-81da-2a5de93b0726"
        >
          <div
            className="title"
          >
            <div>
              Ghana General Manager Interview: Christiane Koenig
            </div>
          </div>
          <div
            className="room"
          >
            Empire State
          </div>
          <div
            className="status"
          >
            <div
              className="started"
            >
              Started 
              <bdi>
                12:00:00
                 
                EAT
              </bdi>
            </div>
            <div
              className="ended"
            >
              Ended 
              <bdi>
                12:50:00
                 
                EAT
              </bdi>
            </div>
          </div>
          <div
            className="participants"
          >
            <img
              alt=""
              src="https://firebasestorage.googleapis.com/v0/b/learning-map-app.appspot.com/o/MrmFrontImages%2FGroup.svg?alt=media&token=7f06b0bb-46bb-456a-ac35-9eeab8a16362"
            />
            <span>
              4
            </span>
          </div>
        </div>
      </div>
      <div
        className="activity"
        key="cdf87344-425b-42e3-96b2-00062e4e702e"
      >
        <div
          className="activity-day"
        >
          Thu May 30, 2019
        </div>
        <div
          className="activity-info-row"
          key="c2486f76-47ba-446d-b513-f4508ac31621"
        >
          <div
            className="title"
          >
            <div>
              Extended org sync
            </div>
          </div>
          <div
            className="room"
          >
            Cognito
          </div>
          <div
            className="status"
          >
            <div
              className="started"
            >
              Started 
              <bdi>
                02:00:00
                 
                EAT
              </bdi>
            </div>
            <div
              className="ended"
            >
              Ended 
              <bdi>
                02:40:00
                 
                EAT
              </bdi>
            </div>
          </div>
          <div
            className="participants"
          >
            <img
              alt=""
              src="https://firebasestorage.googleapis.com/v0/b/learning-map-app.appspot.com/o/MrmFrontImages%2FGroup.svg?alt=media&token=7f06b0bb-46bb-456a-ac35-9eeab8a16362"
            />
            <span>
              12
            </span>
          </div>
        </div>
      </div>
      <div
        className="activity"
        key="849affe7-b141-4a7a-b24d-ae1283bcb2f0"
      >
        <div
          className="activity-day"
        >
          Thu May 30, 2019
        </div>
        <div
          className="activity-info-row"
          key="6b0b0b5f-66a5-4e21-a4c5-11988230f2c5"
        >
          <div
            className="title"
          >
            <div>
              Member Education
            </div>
          </div>
          <div
            className="room"
          >
            Oculus
          </div>
          <div
            className="status"
          >
            <div
              className="started"
            >
              Started 
              <bdi>
                03:00:00
                 
                EAT
              </bdi>
            </div>
            <div
              className="ended"
            >
              Ended 
              <bdi>
                04:30:00
                 
                EAT
              </bdi>
            </div>
          </div>
          <div
            className="participants"
          >
            <img
              alt=""
              src="https://firebasestorage.googleapis.com/v0/b/learning-map-app.appspot.com/o/MrmFrontImages%2FGroup.svg?alt=media&token=7f06b0bb-46bb-456a-ac35-9eeab8a16362"
            />
            <span>
              2
            </span>
          </div>
        </div>
      </div>
      <div
        className="activity"
        key="8c5b68ba-7772-4eea-8d32-1a37fd4515e3"
      >
        <div
          className="activity-day"
        >
          Thu May 30, 2019
        </div>
        <div
          className="activity-info-row"
          key="947af27a-33ca-4d84-a855-4f6c8a7e2570"
        >
          <div
            className="title"
          >
            <div>
              Ann &lt;&gt; Sam
            </div>
          </div>
          <div
            className="room"
          >
            Oculus
          </div>
          <div
            className="status"
          >
            <div
              className="started"
            >
              Started 
              <bdi>
                01:00:00
                 
                EAT
              </bdi>
            </div>
            <div
              className="ended"
            >
              Ended 
              <bdi>
                02:00:00
                 
                EAT
              </bdi>
            </div>
          </div>
          <div
            className="participants"
          >
            <img
              alt=""
              src="https://firebasestorage.googleapis.com/v0/b/learning-map-app.appspot.com/o/MrmFrontImages%2FGroup.svg?alt=media&token=7f06b0bb-46bb-456a-ac35-9eeab8a16362"
            />
            <span>
              5
            </span>
          </div>
        </div>
      </div>
      <div
        className="activity"
        key="3539c2df-f24c-44e6-a767-58a69ad1dc98"
      >
        <div
          className="activity-day"
        >
          Thu May 30, 2019
        </div>
        <div
          className="activity-info-row"
          key="661ef804-5a2d-41eb-896b-9156b2e384c4"
        >
          <div
            className="title"
          >
            <div>
              Onsite Interview: Douglas + Team | Recruiting Operations Associate
            </div>
          </div>
          <div
            className="room"
          >
            Algiers
          </div>
          <div
            className="status"
          >
            <div
              className="started"
            >
              Started 
              <bdi>
                01:00:00
                 
                EAT
              </bdi>
            </div>
            <div
              className="ended"
            >
              Ended 
              <bdi>
                02:00:00
                 
                EAT
              </bdi>
            </div>
          </div>
          <div
            className="participants"
          >
            <img
              alt=""
              src="https://firebasestorage.googleapis.com/v0/b/learning-map-app.appspot.com/o/MrmFrontImages%2FGroup.svg?alt=media&token=7f06b0bb-46bb-456a-ac35-9eeab8a16362"
            />
            <span>
              5
            </span>
          </div>
        </div>
      </div>
      <div
        className="activity"
        key="e258a92f-f853-4c54-a58d-eb8f75a54bf1"
      >
        <div
          className="activity-day"
        >
          Thu May 30, 2019
        </div>
        <div
          className="activity-info-row"
          key="bd90323d-8934-42bc-b054-26d49ede0b3c"
        >
          <div
            className="title"
          >
            <div>
              Values Call Alignment: Caroline&lt;&lt;&gt;&gt; Manasseh
            </div>
          </div>
          <div
            className="room"
          >
            Algiers
          </div>
          <div
            className="status"
          >
            <div
              className="started"
            >
              Started 
              <bdi>
                02:00:00
                 
                EAT
              </bdi>
            </div>
            <div
              className="ended"
            >
              Ended 
              <bdi>
                03:00:00
                 
                EAT
              </bdi>
            </div>
          </div>
          <div
            className="participants"
          >
            <img
              alt=""
              src="https://firebasestorage.googleapis.com/v0/b/learning-map-app.appspot.com/o/MrmFrontImages%2FGroup.svg?alt=media&token=7f06b0bb-46bb-456a-ac35-9eeab8a16362"
            />
            <span>
              3
            </span>
          </div>
        </div>
      </div>
      <div
        className="activity"
        key="d2906a81-b200-4df7-be78-15decffeb641"
      >
        <div
          className="activity-day"
        >
          Thu May 30, 2019
        </div>
        <div
          className="activity-info-row"
          key="9f21eef7-5d02-4333-bd25-ce6ff13f9ea9"
        >
          <div
            className="title"
          >
            <div>
              Dev/Partner Meetings :)
            </div>
          </div>
          <div
            className="room"
          >
            Test Add
          </div>
          <div
            className="status"
          >
            <div
              className="started"
            >
              Started 
              <bdi>
                12:50:00
                 
                EAT
              </bdi>
            </div>
            <div
              className="ended"
            >
              Ended 
              <bdi>
                05:25:00
                 
                EAT
              </bdi>
            </div>
          </div>
          <div
            className="participants"
          >
            <img
              alt=""
              src="https://firebasestorage.googleapis.com/v0/b/learning-map-app.appspot.com/o/MrmFrontImages%2FGroup.svg?alt=media&token=7f06b0bb-46bb-456a-ac35-9eeab8a16362"
            />
            <span>
              2
            </span>
          </div>
        </div>
      </div>
    </div>
  </center>
</AnalyticsActivity>
`;
