// Jest Snapshot v1, https://goo.gl/fbAQLP

exports[`AnalyticsActivity component should render daily room events 1`] = `
<AnalyticsActivity
  dateValue={
    Object {
      "endDate": null,
      "startDate": null,
    }
  }
  queryCompleted={
    [MockFunction] {
      "calls": Array [
        Array [
          "analyticsForDailyRoomEvents",
        ],
        Array [
          "analyticsForDailyRoomEvents",
        ],
        Array [
          "analyticsForDailyRoomEvents",
        ],
        Array [
          "analyticsForDailyRoomEvents",
        ],
        Array [
          "analyticsForDailyRoomEvents",
        ],
        Array [
          "analyticsForDailyRoomEvents",
        ],
      ],
    }
  }
>
  <center
    className="room__events"
  >
    <div
      className="meeting-title"
    >
      <div
        className="title-heading"
      >
        Meeting Title
      </div>
      <div
        className="room-heading"
      >
        Booked Room
      </div>
      <div
        className="status-heading"
      >
        Status
      </div>
      <div
        className="participant-heading"
      >
        Participants
      </div>
    </div>
    <Overlay
      id="average-meeting"
    >
      <div>
        <div
          className="overlay"
          id="average-meeting"
        />
        <div
          className="Pagination-spinner"
        >
          <Spinner
            size=""
          >
            <div
              className="centered"
            >
              <div
                className="spinner"
              />
            </div>
          </Spinner>
        </div>
      </div>
    </Overlay>
    <div>
      <div
        className="activity"
        key="ff46bab6-94c5-4705-8cd3-7356452fc3a3"
      >
        <div
          className="activity-day"
        >
          Thu May 30, 2019
        </div>
        <div
          className="activity-info-row"
          key="77c9effa-203b-45c5-8130-3df015fd13e6"
        >
          <div
            className="title"
          >
            <div>
              Measure Standup
            </div>
          </div>
          <div
            className="room"
          >
            Ikogosi
          </div>
          <div
            className="status"
          >
            <div
              className="started"
            >
              Started 
              <bdi>
                05:15:00
                 
                EAT
              </bdi>
            </div>
            <div
              className="ended"
            >
              Ended 
              <bdi>
                05:45:00
                 
                EAT
              </bdi>
            </div>
          </div>
          <div
            className="participants"
          >
            <img
              alt=""
              src="https://firebasestorage.googleapis.com/v0/b/learning-map-app.appspot.com/o/MrmFrontImages%2FGroup.svg?alt=media&token=7f06b0bb-46bb-456a-ac35-9eeab8a16362"
            />
            <span>
              10
            </span>
          </div>
        </div>
      </div>
      <div
        className="activity"
        key="b3e4d85c-846a-4b9f-b7db-22185c6ab4e0"
      >
        <div
          className="activity-day"
        >
          Thu May 30, 2019
        </div>
        <div
          className="activity-info-row"
          key="e3e3e81a-c0be-486f-a81b-e0bb58114801"
        >
          <div
            className="title"
          >
            <div>
              Olamide x David
            </div>
          </div>
          <div
            className="room"
          >
            Safari5
          </div>
          <div
            className="status"
          >
            <div
              className="started"
            >
              Started 
              <bdi>
                01:00:00
                 
                EAT
              </bdi>
            </div>
            <div
              className="ended"
            >
              Ended 
              <bdi>
                02:00:00
                 
                EAT
              </bdi>
            </div>
          </div>
          <div
            className="participants"
          >
            <img
              alt=""
              src="https://firebasestorage.googleapis.com/v0/b/learning-map-app.appspot.com/o/MrmFrontImages%2FGroup.svg?alt=media&token=7f06b0bb-46bb-456a-ac35-9eeab8a16362"
            />
            <span>
              5
            </span>
          </div>
        </div>
      </div>
      <div
        className="activity"
        key="28eb8f72-cfc2-4990-abc9-063008041815"
      >
        <div
          className="activity-day"
        >
          Thu May 30, 2019
        </div>
        <div
          className="activity-info-row"
          key="4b68700c-8fbc-4dae-bed9-642796913147"
        >
          <div
            className="title"
          >
            <div>
              Interview: Oluwagbemileke Oguntayo  - Senior Operations Manager, Nigeria
            </div>
          </div>
          <div
            className="room"
          >
            Kajuru
          </div>
          <div
            className="status"
          >
            <div
              className="started"
            >
              Started 
              <bdi>
                01:00:00
                 
                EAT
              </bdi>
            </div>
            <div
              className="ended"
            >
              Ended 
              <bdi>
                02:00:00
                 
                EAT
              </bdi>
            </div>
          </div>
          <div
            className="participants"
          >
            <img
              alt=""
              src="https://firebasestorage.googleapis.com/v0/b/learning-map-app.appspot.com/o/MrmFrontImages%2FGroup.svg?alt=media&token=7f06b0bb-46bb-456a-ac35-9eeab8a16362"
            />
            <span>
              4
            </span>
          </div>
        </div>
      </div>
      <div
        className="activity"
        key="bba598ca-1cbb-4db6-99db-c7e4659f4500"
      >
        <div
          className="activity-day"
        >
          Thu May 30, 2019
        </div>
        <div
          className="activity-info-row"
          key="ba8bc9f8-760a-457b-b971-05348e8f9570"
        >
          <div
            className="title"
          >
            <div>
              Agnes / Annabelle Catch Up
            </div>
          </div>
          <div
            className="room"
          >
            Safari-me
          </div>
          <div
            className="status"
          >
            <div
              className="started"
            >
              Started 
              <bdi>
                04:30:00
                 
                EAT
              </bdi>
            </div>
            <div
              className="ended"
            >
              Ended 
              <bdi>
                05:00:00
                 
                EAT
              </bdi>
            </div>
          </div>
          <div
            className="participants"
          >
            <img
              alt=""
              src="https://firebasestorage.googleapis.com/v0/b/learning-map-app.appspot.com/o/MrmFrontImages%2FGroup.svg?alt=media&token=7f06b0bb-46bb-456a-ac35-9eeab8a16362"
            />
            <span>
              3
            </span>
          </div>
        </div>
      </div>
      <div
        className="activity"
        key="072b6c27-1b20-4d83-a18d-895f2b64211b"
      >
        <div
          className="activity-day"
        >
          Thu May 30, 2019
        </div>
        <div
          className="activity-info-row"
          key="8bff6cb2-1e23-471d-baaa-d3e988944e1b"
        >
          <div
            className="title"
          >
            <div>
              Apprenticeship Sync
            </div>
          </div>
          <div
            className="room"
          >
            Cotonous
          </div>
          <div
            className="status"
          >
            <div
              className="started"
            >
              Started 
              <bdi>
                03:30:00
                 
                EAT
              </bdi>
            </div>
            <div
              className="ended"
            >
              Ended 
              <bdi>
                04:30:00
                 
                EAT
              </bdi>
            </div>
          </div>
          <div
            className="participants"
          >
            <img
              alt=""
              src="https://firebasestorage.googleapis.com/v0/b/learning-map-app.appspot.com/o/MrmFrontImages%2FGroup.svg?alt=media&token=7f06b0bb-46bb-456a-ac35-9eeab8a16362"
            />
            <span>
              59
            </span>
          </div>
        </div>
      </div>
      <div
        className="activity"
        key="ef484709-3a16-4353-a726-d92cdfe5a9a1"
      >
        <div
          className="activity-day"
        >
          Thu May 30, 2019
        </div>
        <div
          className="activity-info-row"
          key="6d39564f-1f33-4003-b02d-c710b74f046d"
        >
          <div
            className="title"
          >
            <div>
              Interview: Oluwatoyin Williams-Edem - Senior Manager, HR Business Partner
            </div>
          </div>
          <div
            className="room"
          >
            Safari-me
          </div>
          <div
            className="status"
          >
            <div
              className="started"
            >
              Started 
              <bdi>
                12:00:00
                 
                EAT
              </bdi>
            </div>
            <div
              className="ended"
            >
              Ended 
              <bdi>
                01:00:00
                 
                EAT
              </bdi>
            </div>
          </div>
          <div
            className="participants"
          >
            <img
              alt=""
              src="https://firebasestorage.googleapis.com/v0/b/learning-map-app.appspot.com/o/MrmFrontImages%2FGroup.svg?alt=media&token=7f06b0bb-46bb-456a-ac35-9eeab8a16362"
            />
            <span>
              3
            </span>
          </div>
        </div>
      </div>
      <div
        className="activity"
        key="b38ac954-b6de-4bdf-bdf1-08cfcdda405c"
      >
        <div
          className="activity-day"
        >
          Thu May 30, 2019
        </div>
        <div
          className="activity-info-row"
          key="d27e9cef-3e8a-453a-aabd-22a753db9ac2"
        >
          <div
            className="title"
          >
            <div>
              Apprenticeship Sync
            </div>
          </div>
          <div
            className="room"
          >
            Cotonous
          </div>
          <div
            className="status"
          >
            <div
              className="started"
            >
              Started 
              <bdi>
                03:30:00
                 
                EAT
              </bdi>
            </div>
            <div
              className="ended"
            >
              Ended 
              <bdi>
                04:30:00
                 
                EAT
              </bdi>
            </div>
          </div>
          <div
            className="participants"
          >
            <img
              alt=""
              src="https://firebasestorage.googleapis.com/v0/b/learning-map-app.appspot.com/o/MrmFrontImages%2FGroup.svg?alt=media&token=7f06b0bb-46bb-456a-ac35-9eeab8a16362"
            />
            <span>
              59
            </span>
          </div>
        </div>
      </div>
      <div
        className="activity"
        key="142503d0-b297-40fc-adc9-ea89c650046e"
      >
        <div
          className="activity-day"
        >
          Thu May 30, 2019
        </div>
        <div
          className="activity-info-row"
          key="548c7cfd-8dbc-4cc0-9eeb-fb43139edf07"
        >
          <div
            className="title"
          >
            <div>
              Team meetings
            </div>
          </div>
          <div
            className="room"
          >
            Safari-me
          </div>
          <div
            className="status"
          >
            <div
              className="started"
            >
              Started 
              <bdi>
                02:00:00
                 
                EAT
              </bdi>
            </div>
            <div
              className="ended"
            >
              Ended 
              <bdi>
                03:30:00
                 
                EAT
              </bdi>
            </div>
          </div>
          <div
            className="participants"
          >
            <img
              alt=""
              src="https://firebasestorage.googleapis.com/v0/b/learning-map-app.appspot.com/o/MrmFrontImages%2FGroup.svg?alt=media&token=7f06b0bb-46bb-456a-ac35-9eeab8a16362"
            />
            <span>
              2
            </span>
          </div>
        </div>
      </div>
      <div
        className="activity"
        key="3cec5498-e16f-488d-9d42-af6a849334a0"
      >
        <div
          className="activity-day"
        >
          Thu May 30, 2019
        </div>
        <div
          className="activity-info-row"
          key="dd071f0d-ffe5-4de9-8df5-097635c0404e"
        >
          <div
            className="title"
          >
            <div>
              Extended org sync
            </div>
          </div>
          <div
            className="room"
          >
            Cognito
          </div>
          <div
            className="status"
          >
            <div
              className="started"
            >
              Started 
              <bdi>
                02:00:00
                 
                EAT
              </bdi>
            </div>
            <div
              className="ended"
            >
              Ended 
              <bdi>
                02:40:00
                 
                EAT
              </bdi>
            </div>
          </div>
          <div
            className="participants"
          >
            <img
              alt=""
              src="https://firebasestorage.googleapis.com/v0/b/learning-map-app.appspot.com/o/MrmFrontImages%2FGroup.svg?alt=media&token=7f06b0bb-46bb-456a-ac35-9eeab8a16362"
            />
            <span>
              12
            </span>
          </div>
        </div>
      </div>
      <div
        className="activity"
        key="29f69691-53cf-42b3-adca-0f8180b2d6e3"
      >
        <div
          className="activity-day"
        >
          Thu May 30, 2019
        </div>
        <div
          className="activity-info-row"
          key="3df22c0f-adf0-4ee6-bf2d-b4c4feb72fd4"
        >
          <div
            className="title"
          >
            <div>
              Ann &lt;&gt; Sam
            </div>
          </div>
          <div
            className="room"
          >
            Oculus
          </div>
          <div
            className="status"
          >
            <div
              className="started"
            >
              Started 
              <bdi>
                01:00:00
                 
                EAT
              </bdi>
            </div>
            <div
              className="ended"
            >
              Ended 
              <bdi>
                02:00:00
                 
                EAT
              </bdi>
            </div>
          </div>
          <div
            className="participants"
          >
            <img
              alt=""
              src="https://firebasestorage.googleapis.com/v0/b/learning-map-app.appspot.com/o/MrmFrontImages%2FGroup.svg?alt=media&token=7f06b0bb-46bb-456a-ac35-9eeab8a16362"
            />
            <span>
              5
            </span>
          </div>
        </div>
      </div>
      <div
        className="activity"
        key="a4cbfd3f-6da3-463a-b2e5-b00efa61d144"
      >
        <div
          className="activity-day"
        >
          Thu May 30, 2019
        </div>
        <div
          className="activity-info-row"
          key="dcf31504-3c90-4cdc-9477-9fcf13c104db"
        >
          <div
            className="title"
          >
            <div>
              Interview: Ayodele Odufuye - Senior Manager, HR Business Partner
            </div>
          </div>
          <div
            className="room"
          >
            Safari-me
          </div>
          <div
            className="status"
          >
            <div
              className="started"
            >
              Started 
              <bdi>
                01:00:00
                 
                EAT
              </bdi>
            </div>
            <div
              className="ended"
            >
              Ended 
              <bdi>
                02:00:00
                 
                EAT
              </bdi>
            </div>
          </div>
          <div
            className="participants"
          >
            <img
              alt=""
              src="https://firebasestorage.googleapis.com/v0/b/learning-map-app.appspot.com/o/MrmFrontImages%2FGroup.svg?alt=media&token=7f06b0bb-46bb-456a-ac35-9eeab8a16362"
            />
            <span>
              3
            </span>
          </div>
        </div>
      </div>
      <div
        className="activity"
        key="174183d7-9759-4d7d-b119-f160efbad1e0"
      >
        <div
          className="activity-day"
        >
          Thu May 30, 2019
        </div>
        <div
          className="activity-info-row"
          key="7078eaef-cdb0-4728-87fc-ecdbd9d3c444"
        >
          <div
            className="title"
          >
            <div>
              Member Education
            </div>
          </div>
          <div
            className="room"
          >
            Oculus
          </div>
          <div
            className="status"
          >
            <div
              className="started"
            >
              Started 
              <bdi>
                03:00:00
                 
                EAT
              </bdi>
            </div>
            <div
              className="ended"
            >
              Ended 
              <bdi>
                04:30:00
                 
                EAT
              </bdi>
            </div>
          </div>
          <div
            className="participants"
          >
            <img
              alt=""
              src="https://firebasestorage.googleapis.com/v0/b/learning-map-app.appspot.com/o/MrmFrontImages%2FGroup.svg?alt=media&token=7f06b0bb-46bb-456a-ac35-9eeab8a16362"
            />
            <span>
              2
            </span>
          </div>
        </div>
      </div>
      <div
        className="activity"
        key="42876ff1-1947-4240-8601-e32a3a63baa4"
      >
        <div
          className="activity-day"
        >
          Thu May 30, 2019
        </div>
        <div
          className="activity-info-row"
          key="6fc1ae87-faac-4a27-bdf7-1f5ecce955ed"
        >
          <div
            className="title"
          >
            <div>
              Engineer Self Check-in 
            </div>
          </div>
          <div
            className="room"
          >
            test-5
          </div>
          <div
            className="status"
          >
            <div
              className="started"
            >
              Started 
              <bdi>
                01:30:00
                 
                EAT
              </bdi>
            </div>
            <div
              className="ended"
            >
              Ended 
              <bdi>
                02:00:00
                 
                EAT
              </bdi>
            </div>
          </div>
          <div
            className="participants"
          >
            <img
              alt=""
              src="https://firebasestorage.googleapis.com/v0/b/learning-map-app.appspot.com/o/MrmFrontImages%2FGroup.svg?alt=media&token=7f06b0bb-46bb-456a-ac35-9eeab8a16362"
            />
            <span>
              6
            </span>
          </div>
        </div>
      </div>
      <div
        className="activity"
        key="385414fe-cfaf-44bc-a241-3044e9782949"
      >
        <div
          className="activity-day"
        >
          Thu May 30, 2019
        </div>
        <div
          className="activity-info-row"
          key="209cbe17-c576-4f45-a542-58ff37ad0bd2"
        >
          <div
            className="title"
          >
            <div>
              Oladimeji + Tejumade _ Software Engineer (Values Alignment Call)
            </div>
          </div>
          <div
            className="room"
          >
            Ikogosi
          </div>
          <div
            className="status"
          >
            <div
              className="started"
            >
              Started 
              <bdi>
                04:30:00
                 
                EAT
              </bdi>
            </div>
            <div
              className="ended"
            >
              Ended 
              <bdi>
                05:30:00
                 
                EAT
              </bdi>
            </div>
          </div>
          <div
            className="participants"
          >
            <img
              alt=""
              src="https://firebasestorage.googleapis.com/v0/b/learning-map-app.appspot.com/o/MrmFrontImages%2FGroup.svg?alt=media&token=7f06b0bb-46bb-456a-ac35-9eeab8a16362"
            />
            <span>
              3
            </span>
          </div>
        </div>
      </div>
      <div
        className="activity"
        key="8bad1265-67fc-403e-8a60-a850f48a80be"
      >
        <div
          className="activity-day"
        >
          Thu May 30, 2019
        </div>
        <div
          className="activity-info-row"
          key="ebfb6519-4f42-43f3-a152-775aba328546"
        >
          <div
            className="title"
          >
            <div>
              Chux &lt;&gt; Godwin - Values Alignment Interview
            </div>
          </div>
          <div
            className="room"
          >
            Ikogosi
          </div>
          <div
            className="status"
          >
            <div
              className="started"
            >
              Started 
              <bdi>
                01:30:00
                 
                EAT
              </bdi>
            </div>
            <div
              className="ended"
            >
              Ended 
              <bdi>
                02:30:00
                 
                EAT
              </bdi>
            </div>
          </div>
          <div
            className="participants"
          >
            <img
              alt=""
              src="https://firebasestorage.googleapis.com/v0/b/learning-map-app.appspot.com/o/MrmFrontImages%2FGroup.svg?alt=media&token=7f06b0bb-46bb-456a-ac35-9eeab8a16362"
            />
            <span>
              3
            </span>
          </div>
        </div>
      </div>
      <div
        className="activity"
        key="7af4865d-fb36-4fbd-b0c0-67bc66a63da4"
      >
        <div
          className="activity-day"
        >
          Thu May 30, 2019
        </div>
        <div
          className="activity-info-row"
          key="b39d2de4-f7a4-495d-aad2-69850ac7ae20"
        >
          <div
            className="title"
          >
            <div>
              Brad &lt;&gt; Tope 1:1
            </div>
          </div>
          <div
            className="room"
          >
            Ikogosi
          </div>
          <div
            className="status"
          >
            <div
              className="started"
            >
              Started 
              <bdi>
                04:00:00
                 
                EAT
              </bdi>
            </div>
            <div
              className="ended"
            >
              Ended 
              <bdi>
                04:30:00
                 
                EAT
              </bdi>
            </div>
          </div>
          <div
            className="participants"
          >
            <img
              alt=""
              src="https://firebasestorage.googleapis.com/v0/b/learning-map-app.appspot.com/o/MrmFrontImages%2FGroup.svg?alt=media&token=7f06b0bb-46bb-456a-ac35-9eeab8a16362"
            />
            <span>
              3
            </span>
          </div>
        </div>
      </div>
      <div
        className="activity"
        key="962aeb1f-ed5d-4791-b671-72ec1936085f"
      >
        <div
          className="activity-day"
        >
          Thu May 30, 2019
        </div>
        <div
          className="activity-info-row"
          key="86a486ba-d0e3-40a6-bb94-87f2bcdbe880"
        >
          <div
            className="title"
          >
            <div>
              Lara&lt;&gt;Nneka
            </div>
          </div>
          <div
            className="room"
          >
            Ikogosi
          </div>
          <div
            className="status"
          >
            <div
              className="started"
            >
              Started 
              <bdi>
                06:00:00
                 
                EAT
              </bdi>
            </div>
            <div
              className="ended"
            >
              Ended 
              <bdi>
                06:30:00
                 
                EAT
              </bdi>
            </div>
          </div>
          <div
            className="participants"
          >
            <img
              alt=""
              src="https://firebasestorage.googleapis.com/v0/b/learning-map-app.appspot.com/o/MrmFrontImages%2FGroup.svg?alt=media&token=7f06b0bb-46bb-456a-ac35-9eeab8a16362"
            />
            <span>
              4
            </span>
          </div>
        </div>
      </div>
      <div
        className="activity"
        key="dfbbfc3e-59c6-4564-b031-c89be1cf4cd1"
      >
        <div
          className="activity-day"
        >
          Thu May 30, 2019
        </div>
        <div
          className="activity-info-row"
          key="1da76714-7c7f-409f-a09b-5fed26805517"
        >
          <div
            className="title"
          >
            <div>
              Ghana General Manager Interview: Christiane Koenig
            </div>
          </div>
          <div
            className="room"
          >
            Empire State
          </div>
          <div
            className="status"
          >
            <div
              className="started"
            >
              Started 
              <bdi>
                12:00:00
                 
                EAT
              </bdi>
            </div>
            <div
              className="ended"
            >
              Ended 
              <bdi>
                12:50:00
                 
                EAT
              </bdi>
            </div>
          </div>
          <div
            className="participants"
          >
            <img
              alt=""
              src="https://firebasestorage.googleapis.com/v0/b/learning-map-app.appspot.com/o/MrmFrontImages%2FGroup.svg?alt=media&token=7f06b0bb-46bb-456a-ac35-9eeab8a16362"
            />
            <span>
              4
            </span>
          </div>
        </div>
      </div>
      <div
        className="activity"
        key="1b598950-4779-4bd7-892c-9dfd795e7f39"
      >
        <div
          className="activity-day"
        >
          Thu May 30, 2019
        </div>
        <div
          className="activity-info-row"
          key="2cca7c86-d922-4e31-a7ed-b9e12e057b17"
        >
          <div
            className="title"
          >
            <div>
              Extended org sync
            </div>
          </div>
          <div
            className="room"
          >
            Cognito
          </div>
          <div
            className="status"
          >
            <div
              className="started"
            >
              Started 
              <bdi>
                02:00:00
                 
                EAT
              </bdi>
            </div>
            <div
              className="ended"
            >
              Ended 
              <bdi>
                02:40:00
                 
                EAT
              </bdi>
            </div>
          </div>
          <div
            className="participants"
          >
            <img
              alt=""
              src="https://firebasestorage.googleapis.com/v0/b/learning-map-app.appspot.com/o/MrmFrontImages%2FGroup.svg?alt=media&token=7f06b0bb-46bb-456a-ac35-9eeab8a16362"
            />
            <span>
              12
            </span>
          </div>
        </div>
      </div>
      <div
        className="activity"
        key="20c1b05e-5292-452b-9b19-8b8e5b48c98c"
      >
        <div
          className="activity-day"
        >
          Thu May 30, 2019
        </div>
        <div
          className="activity-info-row"
          key="21f6ca37-587a-44bf-9abc-3a8f692f5631"
        >
          <div
            className="title"
          >
            <div>
              Member Education
            </div>
          </div>
          <div
            className="room"
          >
            Oculus
          </div>
          <div
            className="status"
          >
            <div
              className="started"
            >
              Started 
              <bdi>
                03:00:00
                 
                EAT
              </bdi>
            </div>
            <div
              className="ended"
            >
              Ended 
              <bdi>
                04:30:00
                 
                EAT
              </bdi>
            </div>
          </div>
          <div
            className="participants"
          >
            <img
              alt=""
              src="https://firebasestorage.googleapis.com/v0/b/learning-map-app.appspot.com/o/MrmFrontImages%2FGroup.svg?alt=media&token=7f06b0bb-46bb-456a-ac35-9eeab8a16362"
            />
            <span>
              2
            </span>
          </div>
        </div>
      </div>
      <div
        className="activity"
        key="b0a34409-f7e4-4a0f-97b3-822e19f3cbd0"
      >
        <div
          className="activity-day"
        >
          Thu May 30, 2019
        </div>
        <div
          className="activity-info-row"
          key="c8f39bde-2204-4756-b3d6-4736b4f42e75"
        >
          <div
            className="title"
          >
            <div>
              Ann &lt;&gt; Sam
            </div>
          </div>
          <div
            className="room"
          >
            Oculus
          </div>
          <div
            className="status"
          >
            <div
              className="started"
            >
              Started 
              <bdi>
                01:00:00
                 
                EAT
              </bdi>
            </div>
            <div
              className="ended"
            >
              Ended 
              <bdi>
                02:00:00
                 
                EAT
              </bdi>
            </div>
          </div>
          <div
            className="participants"
          >
            <img
              alt=""
              src="https://firebasestorage.googleapis.com/v0/b/learning-map-app.appspot.com/o/MrmFrontImages%2FGroup.svg?alt=media&token=7f06b0bb-46bb-456a-ac35-9eeab8a16362"
            />
            <span>
              5
            </span>
          </div>
        </div>
      </div>
      <div
        className="activity"
        key="fae2fcaf-5b4f-40a2-9f37-b654db7654cf"
      >
        <div
          className="activity-day"
        >
          Thu May 30, 2019
        </div>
        <div
          className="activity-info-row"
          key="bcb53f7d-2f98-4769-a62a-d0ed6ecf011c"
        >
          <div
            className="title"
          >
            <div>
              Onsite Interview: Douglas + Team | Recruiting Operations Associate
            </div>
          </div>
          <div
            className="room"
          >
            Algiers
          </div>
          <div
            className="status"
          >
            <div
              className="started"
            >
              Started 
              <bdi>
                01:00:00
                 
                EAT
              </bdi>
            </div>
            <div
              className="ended"
            >
              Ended 
              <bdi>
                02:00:00
                 
                EAT
              </bdi>
            </div>
          </div>
          <div
            className="participants"
          >
            <img
              alt=""
              src="https://firebasestorage.googleapis.com/v0/b/learning-map-app.appspot.com/o/MrmFrontImages%2FGroup.svg?alt=media&token=7f06b0bb-46bb-456a-ac35-9eeab8a16362"
            />
            <span>
              5
            </span>
          </div>
        </div>
      </div>
      <div
        className="activity"
        key="32e3feb5-83bc-496b-a9c1-72920b5d5d72"
      >
        <div
          className="activity-day"
        >
          Thu May 30, 2019
        </div>
        <div
          className="activity-info-row"
          key="0be0c2c6-ecd5-4c76-9928-efda6905c2a0"
        >
          <div
            className="title"
          >
            <div>
              Values Call Alignment: Caroline&lt;&lt;&gt;&gt; Manasseh
            </div>
          </div>
          <div
            className="room"
          >
            Algiers
          </div>
          <div
            className="status"
          >
            <div
              className="started"
            >
              Started 
              <bdi>
                02:00:00
                 
                EAT
              </bdi>
            </div>
            <div
              className="ended"
            >
              Ended 
              <bdi>
                03:00:00
                 
                EAT
              </bdi>
            </div>
          </div>
          <div
            className="participants"
          >
            <img
              alt=""
              src="https://firebasestorage.googleapis.com/v0/b/learning-map-app.appspot.com/o/MrmFrontImages%2FGroup.svg?alt=media&token=7f06b0bb-46bb-456a-ac35-9eeab8a16362"
            />
            <span>
              3
            </span>
          </div>
        </div>
      </div>
      <div
        className="activity"
        key="2027f10a-2de4-44a4-b1a2-a791caaae888"
      >
        <div
          className="activity-day"
        >
          Thu May 30, 2019
        </div>
        <div
          className="activity-info-row"
          key="24b8cece-4e30-4df9-93bf-9430c135ba86"
        >
          <div
            className="title"
          >
            <div>
              Dev/Partner Meetings :)
            </div>
          </div>
          <div
            className="room"
          >
            Test Add
          </div>
          <div
            className="status"
          >
            <div
              className="started"
            >
              Started 
              <bdi>
                12:50:00
                 
                EAT
              </bdi>
            </div>
            <div
              className="ended"
            >
              Ended 
              <bdi>
                05:25:00
                 
                EAT
              </bdi>
            </div>
          </div>
          <div
            className="participants"
          >
            <img
              alt=""
              src="https://firebasestorage.googleapis.com/v0/b/learning-map-app.appspot.com/o/MrmFrontImages%2FGroup.svg?alt=media&token=7f06b0bb-46bb-456a-ac35-9eeab8a16362"
            />
            <span>
              2
            </span>
          </div>
        </div>
      </div>
    </div>
  </center>
</AnalyticsActivity>
`;
