// Jest Snapshot v1, https://goo.gl/fbAQLP

exports[`setupOfficeStructure Component should render correctly 1`] = `
<SetupLayout
  layoutLeft={
    <UNDEFINED>
      <SetOfficeStructure
        activeBlock="X-Space"
        blocks={
          Array [
            Object {
              "name": "X-Space",
              "structureId": "7ddaeca4-d0b8-4675-9fa2-15ad68449cad",
            },
          ]
        }
        handleLeveltype={[Function]}
        inputValue="1"
        levelType=""
        onChangeValue={[Function]}
        onInputChange={[Function]}
        toggleBlock={[Function]}
      />
      <NextButton
        flattenedData={
          Array [
            Object {
              "level": 2,
              "locationId": 10,
              "name": "",
              "parentId": "",
              "parentTitle": "",
              "position": 1,
              "structureId": "6920afe8-7c61-4491-83cc-3235059ca66c",
              "tag": "",
            },
          ]
        }
        handleOnClick={undefined}
      />
    </UNDEFINED>
  }
  layoutRight={
    <SetupLocationPreview
      content={
        <UNDEFINED>
          <OfficeStructurePreview />
        </UNDEFINED>
      }
    />
  }
/>
`;
