// Jest Snapshot v1, https://goo.gl/fbAQLP

exports[`setupOfficeStructure Component should render correctly 1`] = `
<SetupLayout
  layoutLeft={
    <UNDEFINED>
      <SetOfficeStructure
        activeBlock="X-Space"
        backIcon={
          <BackIcon
            handleOnClick={undefined}
            page="setupLocation"
          />
        }
        blocks={
          Array [
            Object {
              "name": "X-Space",
              "structureId": "7ddaeca4-d0b8-4675-9fa2-15ad68449cad",
            },
          ]
        }
        handleLeveltype={[Function]}
        levelType=""
        onInputChange={[Function]}
        toggleBlock={[Function]}
      />
      <NextButton
        flattenedData={
          Array [
            Object {
              "level": 2,
              "locationId": 10,
              "name": "",
              "parentId": "",
              "parentTitle": "",
              "position": 1,
              "structureId": "0fcdf19c-c397-4792-a1ef-b024d3e170fc",
              "tag": "",
            },
          ]
        }
        handleOnClick={undefined}
        levelType=""
      />
    </UNDEFINED>
  }
  layoutRight={
    <SetupLocationPreview
      content={
        <UNDEFINED>
          <OfficeStructurePreview />
        </UNDEFINED>
      }
    />
  }
/>
`;
